AB	AvantGarde-Demi			pagd8r
ABI	AvantGarde-DemiOblique		pagdo8r
AI	AvantGarde-BookOblique		pagko8r
AR	AvantGarde-Book			pagk8r
BMB	Bookman-Demi			pbkd8r
BMBI	Bookman-DemiItalic		pbkdi8r
BMI	Bookman-LightItalic		pbkli8r
BMR	Bookman-Light			pbkl8r
CB	Courier-Bold			pcrb8r
CBI	Courier-BoldOblique		pcrbo8r
CI	Courier-Oblique			pcrro8r
CR	Courier				pcrr8r
HB	Helvetica-Bold			phvb8r
HBI	Helvetica-BoldOblique		phvbo8r
HI	Helvetica-Oblique		phvro8r
HNB	Helvetica-Narrow-Bold		phvbrn8r
HNBI	Helvetica-Narrow-BoldOblique	phvbon8r
HNI	Helvetica-Narrow-Oblique	phvron8r
HNR	Helvetica-Narrow		phvrrn8r
HR	Helvetica			phvr8r
NB	NewCenturySchlbk-Bold		pncb8r
NBI	NewCenturySchlbk-BoldItalic	pncbi8r
NI	NewCenturySchlbk-Italic		pncri8r
NR	NewCenturySchlbk-Roman		pncr8r
PB	Palatino-Bold			pplb8r
PBI	Palatino-BoldItalic		pplbi8r
PI	Palatino-Italic			pplri8r
PR	Palatino-Roman			pplr8r
S	Symbol				psyr
SS	Symbol-Oblique			psyro
TB	Times-Bold			ptmb8r
TBI	Times-BoldItalic		ptmbi8r
TI	Times-Italic			ptmri8r
TR	Times-Roman			ptmr8r
ZCMI	ZapfChancery-MediumItalic	pzcmi8r
ZD	ZapfDingbats			pzdr
ZDR	ZapfDingbats-Reversed
