AB	AvantGarde-Demi			pagd8r
AI	AvantGarde-BookOblique		pagko8r
AR	AvantGarde-Book			pagk8r
AX	AvantGarde-DemiOblique		pagdo8r
B	Times-Bold			ptmb8r
BI	Times-BoldItalic		ptmbi8r
CB	Courier-Bold			pcrb8r
CI	Courier-Oblique			pcrro8r
CO	Courier				pcrr8r
CW	Courier				pcrr8r
CX	Courier-BoldOblique		pcrbo8r
CaslonI	CaslonFiveForty-Italic
CaslonR	CaslonFiveForty-Roman
GR	Symbol				psyr
H	Helvetica			phvr8r
HB	Helvetica-Bold			phvb8r
HI	Helvetica-Oblique		phvro8r
HX	Helvetica-BoldOblique		phvbo8r
Hb	Helvetica-Narrow-Bold		phvbrn8r
Hi	Helvetica-Narrow-Oblique	phvron8r
Hr	Helvetica-Narrow		phvrrn8r
Hx	Helvetica-Narrow-BoldOblique	phvbon8r
I	Times-Italic			ptmri8r
KB	Bookman-Demi			pbkd8r
KI	Bookman-LightItalic		pbkli8r
KR	Bookman-Light			pbkl8r
KX	Bookman-DemiItalic		pbkdi8r
MU	Sonata
NB	NewCenturySchlbk-Bold		pncb8r
NI	NewCenturySchlbk-Italic		pncri8r
NR	NewCenturySchlbk-Roman		pncr8r
NX	NewCenturySchlbk-BoldItalic	pncbi8r
PA	Palatino-Roman			pplr8r
PB	Palatino-Bold			pplb8r
PI	Palatino-Italic			pplri8r
PX	Palatino-BoldItalic		pplbi8r
R	Times-Roman			ptmr8r
S	Symbol				psyr
S1	Times-Roman			ptmr8r
Sonata	Sonata
UnivMath1	Universal-MathOne	M1
UnivMath2	Universal-MathTwo	M2
UnivMath3	Universal-MathThree	M3
UnivMath4	Universal-MathFour	M4
UnivMath5	Universal-MathFive	M5
UnivMath6	Universal-MathSix	M6
ZD	ZapfDingbats			pzdr
ZI	ZapfChancery-MediumItalic	pzcmi8r
