AvantGarde-Book               	AvantGarde-Book
AvantGarde-BookOblique        	AvantGarde-BookOblique
AvantGarde-Demi               	AvantGarde-Demi
AvantGarde-DemiOblique        	AvantGarde-DemiOblique
Bookman-Demi                  	Bookman-Demi
Bookman-DemiItalic            	Bookman-DemiItalic
Bookman-Light                 	Bookman-Light
Bookman-LightItalic           	Bookman-LightItalic
Helvetica-Bold                	Helvetica-Bold
Helvetica-BoldOblique         	Helvetica-BoldOblique
Helvetica-Narrow-Bold         	Helvetica-Narrow-Bold
Helvetica-Narrow-BoldOblique  	Helvetica-Narrow-BoldOblique
Helvetica-Narrow-Oblique      	Helvetica-Narrow-Oblique
Helvetica-Narrow              	Helvetica-Narrow
Helvetica-Oblique             	Helvetica-Oblique
Helvetica                     	Helvetica
NewCenturySchlbk-Bold         	NewCenturySchlbk-Bold
NewCenturySchlbk-BoldItalic   	NewCenturySchlbk-BoldItalic
NewCenturySchlbk-Italic       	NewCenturySchlbk-Italic
NewCenturySchlbk-Roman        	NewCenturySchlbk-Roman
Palatino-Bold                 	Palatino-Bold
Palatino-BoldItalic           	Palatino-BoldItalic
Palatino-Italic               	Palatino-Italic
Palatino-Roman                	Palatino-Roman
Symbol                        	Symbol
Times-Bold                    	Times-Bold
Times-BoldItalic              	Times-BoldItalic
Times-Italic                  	Times-Italic
Times-Roman                   	Times-Roman
ZapfChancery-MediumItalic     	ZapfChancery-MediumItalic
ZapfDingbats                  	ZapfDingbats
