CLRALLOC.C
CLRCTRL.C
CLRHARD.C
CLRINIT.C
CLRMAP.C
CLRMENU.C
CLRREAD.C
CLRSETUP.C
CLRVARY.C
CMDDISP.C
CMDIMAGE.C
CMDNEW.C
CMDPARSE.C
CRDINVRT.C
CRDROT.C
CRDSET.C
CRDSYNTH.C
CRDTEMP.C
CRDTRANS.C
CSRANLI.C
CSRAREA.C
CSRCOORD.C
CSRCTRL.C
CSRDRAW.C
CSRGRAB.C
CSRMOVE.C
CSRPOLY1.C
CSRPOLY2.C
CSRPOLY3.C
CSRSAVE.C
CSRSHAPE.C
CSRSLCT.C
CSRTEXT.C
CTRLCNTN.C
CTRLDISK.C
CTRLFILE.C
CTRLGC.C
CTRLMBOX.C
CTRLPIPE.C
CTRLSCKT.C
DISPBLNK.C
DISPBTMP.C
DISPDFSE.C
DISPDTHR.C
DISPLAY.C
DISPPSCT.C
DISPPXMP.C
EDITCTRL.C
EDITDRAW.C
EDITEMCS.C
EDITINIT.C
EDITLINE.C
EDITRDRW.C
GRPHBAR.C
GRPHBTMP.C
GRPHCTRL.C
GRPHDRAW.C
GRPHGRAB.C
GRPHINIT.C
GRPHLBL.C
GRPHLINE.C
GRPHMOVE.C
GRPHOLAP.C
GRPHPOS.C
GRPHTEXT.C
HISTDIST.C
HISTEQL.C
HISTLIST.C
HISTMAP.C
HISTSCAN.C
HISTZERO.C
IMGCHECK.C
IMGFLIP.C
IMGLOGO.C
IMGNEW.C
IMGPARAM.C
IMGREAD.C
IMGROT.C
IMGTRANS.C
IRAFCRD.C
IRAFDISP.C
IRAFENV.C
IRAFFDBK.C
IRAFIMTL.C
IRAFIO.C
IRAFPIPE.C
MAINBFFR.C
MAINEVNT.C
MAININIT.C
MAINKEY.C
MAINSLCT.C
MAINUTIL.C
MENUCTRL.C
MENUINIT.C
MGFYCTRL.C
MGFYDRAW.C
MGFYINIT.C
MGFYMARK.C
MGFYTABL.C
MGFYVAL.C
PANCOPY.C
PANCRSR.C
PANCTRL.C
PANIMAGE.C
PANWNDW.C
READARR.C
READFITH.C
READFITS.C
READINT.C
READIRAF.C
READREAL.C
RGNANLI.C
RGNCTRL.C
RGNDRAW.C
RGNDROP.C
RGNMAKE.C
RGNREAD.C
RGNTOKEN.C
RGNWPROS.C
RGNWRITE.C
RTCMD.C
RTIO.C
SCLCTRL.C
SCLMAP.C
WNDWADJ.C
WNDWCONF.C
WNDWCRE.C
WNDWINIT.C
WNDWMAUS.C
WCS.C
WCSCON.C
WORLDPOS.C
PLATEPOS.C
IRAF2FITS.C
HGET.C
HPUT.C
PRNTCENT.C
PRNTCURS.C
